[debug] [2026-07-26T16:43:53.301Z] : 
[debug] [2026-07-26T16:43:53.302Z] : ----------------------------------------------------------------------
[debug] [2026-07-26T16:43:53.302Z] : Command:      C:\Program Files\nodejs\node.exe C:\Users\Acer\AppData\Roaming\npm\node_modules\zcatalyst-cli\lib\bin\catalyst.js serve
[debug] [2026-07-26T16:43:53.302Z] : CLI Version:  1.26.1
[debug] [2026-07-26T16:43:53.302Z] : Platform:     win32
[debug] [2026-07-26T16:43:53.302Z] : Node Version: v22.20.0
[debug] [2026-07-26T16:43:53.302Z] : Time:         Sun Jul 26 2026 22:13:53 GMT+0530 (India Standard Time)
[debug] [2026-07-26T16:43:53.302Z] : ----------------------------------------------------------------------
[debug] [2026-07-26T16:43:53.302Z] : 
[debug] [2026-07-26T16:43:53.806Z] : > authorizing via signed-in user option
[debug] [2026-07-26T16:43:53.806Z] : > command requires scopes: ["ZohoCatalyst.projects.ALL","ZohoCatalyst.apigateway.apis.READ","ZohoCatalyst.apigateway.READ","ZohoCatalyst.segments.ALL","ZohoCatalyst.cache.READ","ZohoCatalyst.cache.CREATE","ZohoCatalyst.cache.DELETE","ZohoCatalyst.projects.ALL","ZohoCatalyst.cron.ALL","ZohoCatalyst.zcql.CREATE","ZohoCatalyst.projects.users.READ","ZohoCatalyst.projects.users.CREATE","ZohoCatalyst.projects.users.DELETE","ZohoCatalyst.projects.users.UPDATE","ZohoCatalyst.authentication.CREATE","ZohoCatalyst.email.CREATE","ZohoCatalyst.tables.ALL","ZohoCatalyst.tables.rows.ALL","ZohoCatalyst.tables.columns.ALL","ZohoCatalyst.tables.bulk.CREATE","ZohoCatalyst.tables.bulk.READ","ZohoCatalyst.folders.ALL","ZohoCatalyst.files.CREATE","ZohoCatalyst.files.READ","ZohoCatalyst.files.DELETE","ZohoCatalyst.functions.ALL","ZohoCatalyst.functions.EXECUTE","ZohoCatalyst.eventlistners.ALL","ZohoCatalyst.eventlisteners.produce","ZohoCatalyst.security.rules.Read","ZohoCatalyst.security.rules.Update","ZohoCatalyst.notifications.mobile","ZohoCatalyst.notifications.web","ZohoCatalyst.search.READ","ZohoCatalyst.mlkit.READ","QuickML.deployment.READ","ZohoCatalyst.pdfshot.execute","ZohoCatalyst.grid.READ","ZohoCatalyst.grid.terminate","ZohoCatalyst.circuits.execution.DELETE","ZohoCatalyst.circuits.execution.READ","ZohoCatalyst.circuits.execute","ZohoCatalyst.appsail.Read","ZohoCatalyst.jobpool.READ","ZohoCatalyst.job.ALL","ZohoCatalyst.nosql.READ","ZohoCatalyst.nosql.rows.ALL"]
[debug] [2026-07-26T16:43:53.817Z] : >>>> HTTP REQUEST : GET https://api.catalyst.zoho.in/baas/v1/project/46143000000022001 

[debug] [2026-07-26T16:43:54.013Z] : <<<< HTTP RESPONSE : 200
Response Headers: {"server":"ZGS","date":"Sun, 26 Jul 2026 16:43:54 GMT","content-type":"application/vnd.catalyst.v2+json","transfer-encoding":"chunked","connection":"keep-alive","x-content-type-options":"nosniff","cache-control":"private,no-cache,no-store,max-age=0,must-revalidate","pragma":"no-cache","expires":"Thu, 01 Jan 1970 00:00:00 GMT","x-frame-options":"DENY","strict-transport-security":"max-age=64072000; includeSubDomains; preload"}

[debug] [2026-07-26T16:43:54.016Z] : >>>> HTTP REQUEST : GET https://api.catalyst.zoho.in/baas/v1/project/46143000000022001/environment 

[debug] [2026-07-26T16:43:54.078Z] : <<<< HTTP RESPONSE : 200
Response Headers: {"server":"ZGS","date":"Sun, 26 Jul 2026 16:43:54 GMT","content-type":"application/vnd.catalyst.v2+json","transfer-encoding":"chunked","connection":"keep-alive","x-content-type-options":"nosniff","cache-control":"private,no-cache,no-store,max-age=0,must-revalidate","pragma":"no-cache","expires":"Thu, 01 Jan 1970 00:00:00 GMT","x-frame-options":"DENY","strict-transport-security":"max-age=64072000; includeSubDomains; preload"}

[debug] [2026-07-26T16:43:54.306Z] : http port : '3000' is not available. Hence port '3001' will be used instead.
[debug] [2026-07-26T16:43:54.408Z] : No basic functions to add
[info] [2026-07-26T16:43:56.263Z] : [react-plugin]: Starting the development server...

[info] [2026-07-26T16:43:56.265Z] : 
[info] [2026-07-26T16:43:56.265Z] : i Client[frontend]: Plugin : "zcatalyst-cli-plugin-react" is used for client serve
[info] [2026-07-26T16:43:56.265Z] : 
[debug] [2026-07-26T16:43:57.166Z] : No API Gateway configuration found. Skipping API Gateway rules
[debug] [2026-07-26T16:43:57.244Z] : No API Gateway configuration found. Skipping API Gateway rules
[info] [2026-07-26T16:43:57.408Z] : 
[info] [2026-07-26T16:43:57.408Z] :  >>>>>>>>>>>>>> AppSail <<<<<<<<<<<<<< 
[info] [2026-07-26T16:43:57.408Z] : i backend: http://localhost:3001
[info] [2026-07-26T16:43:57.408Z] : 
[info] [2026-07-26T16:43:57.408Z] : 
[info] [2026-07-26T16:43:57.408Z] :  >>>>>>>>>>>>> Web Client <<<<<<<<<<<<
[info] [2026-07-26T16:43:57.408Z] : i client[frontend]: http://localhost:3000/app/
[info] [2026-07-26T16:43:57.408Z] : 
[info] [2026-07-26T16:43:58.029Z] : [1785084238029]  "GET"  "/app/"
[info] [2026-07-26T16:43:58.043Z] : [react-plugin]: Compiled successfully!
[info] [2026-07-26T16:43:58.043Z] : [react-plugin]: 
[info] [2026-07-26T16:43:58.043Z] : [react-plugin]: You can now view fron in the browser.
[info] [2026-07-26T16:43:58.043Z] : [react-plugin]: 
[info] [2026-07-26T16:43:58.044Z] : [react-plugin]:   http://localhost:3000/app/
[info] [2026-07-26T16:43:58.044Z] : [react-plugin]: 
[info] [2026-07-26T16:43:58.044Z] : [react-plugin]: Note that the development build is not optimized.
[info] [2026-07-26T16:43:58.044Z] : [react-plugin]: To create a production build, use npm run build.
[info] [2026-07-26T16:43:58.044Z] : [react-plugin]: 
[info] [2026-07-26T16:43:58.158Z] : [react-plugin]: Files successfully emitted, waiting for typecheck results...
[info] [2026-07-26T16:43:58.287Z] : [1785084238287]  "GET"  "/app/static/js/bundle.js"
[info] [2026-07-26T16:43:58.610Z] : [1785084238610]  "GET"  "/app/manifest.json"
[info] [2026-07-26T16:43:58.869Z] : [1785084238869]  "GET"  "/app/logo192.png"
[info] [2026-07-26T16:44:00.525Z] : [1785084240524]  Appsail[backend]  "GET"  "/api/analytics/trends?granularity=month"
[info] [2026-07-26T16:44:00.527Z] : [1785084240527]  Appsail[backend]  "GET"  "/api/analytics/festival-calendar?"
[info] [2026-07-26T16:44:01.454Z] : [1785084241454]  "GET"  "/app/?page=analytics"
[info] [2026-07-26T16:44:01.492Z] : [1785084241492]  "GET"  "/app/static/js/bundle.js"
[info] [2026-07-26T16:44:01.494Z] : [1785084241494]  "GET"  "/app/manifest.json"
[info] [2026-07-26T16:44:02.038Z] : [1785084242037]  "GET"  "/app/logo.svg"
[info] [2026-07-26T16:44:02.040Z] : [1785084242040]  "GET"  "/app/logo192.png"
[info] [2026-07-26T16:44:02.213Z] : [1785084242213]  Appsail[backend]  "GET"  "/api/analytics/hotspots?"
[info] [2026-07-26T16:44:02.215Z] : [1785084242215]  Appsail[backend]  "GET"  "/api/analytics/emerging-clusters"
[info] [2026-07-26T16:44:02.302Z] : [1785084242301]  "GET"  "/app/logo.svg"
[info] [2026-07-26T16:44:36.089Z] : [1785084276088]  "GET"  "/.well-known/appspecific/com.chrome.devtools.json"
[info] [2026-07-26T16:44:36.383Z] : [1785084276382]  "GET"  "/app/manifest.json"
[info] [2026-07-26T16:44:36.727Z] : [1785084276727]  "GET"  "/app/static/js/bundle.js.map"
[info] [2026-07-26T16:44:42.249Z] : [1785084282248]  "GET"  "/app/?page=analytics"
[info] [2026-07-26T16:44:42.315Z] : [1785084282315]  "GET"  "/app/manifest.json"
[info] [2026-07-26T16:44:42.559Z] : [1785084282559]  "GET"  "/app/static/js/bundle.js"
[info] [2026-07-26T16:44:42.599Z] : [1785084282599]  "GET"  "/.well-known/appspecific/com.chrome.devtools.json"
[info] [2026-07-26T16:44:42.984Z] : [1785084282984]  "GET"  "/app/logo.svg"
[info] [2026-07-26T16:44:43.170Z] : [1785084283169]  "GET"  "/app/logo192.png"
[info] [2026-07-26T16:44:43.172Z] : [1785084283172]  "GET"  "/app/static/js/bundle.js.map"
[info] [2026-07-26T16:44:43.654Z] : [1785084283654]  "GET"  "/app/logo.svg"
[info] [2026-07-26T16:44:43.656Z] : [1785084283656]  Appsail[backend]  "GET"  "/api/analytics/hotspots?"
[info] [2026-07-26T16:44:43.662Z] : [1785084283662]  Appsail[backend]  "GET"  "/api/analytics/emerging-clusters"
[info] [2026-07-26T16:45:19.852Z] : [1785084319852]  Appsail[backend]  "GET"  "/api/dashboard/stats"
[info] [2026-07-26T16:45:19.860Z] : [1785084319859]  "GET"  "/app/map.svg"
[info] [2026-07-26T16:45:20.171Z] : [1785084320171]  Appsail[backend]  "GET"  "/api/dashboard/alerts?limit=10"
[info] [2026-07-26T16:45:20.173Z] : [1785084320172]  Appsail[backend]  "GET"  "/api/dashboard/trends"
[info] [2026-07-26T16:45:20.175Z] : [1785084320175]  Appsail[backend]  "GET"  "/api/dashboard/district-crimes?timeframe=30d"
